// Jest Snapshot v1, https://goo.gl/fbAQLP

exports[`Breadcrums should render correctly and show breadcrums 1`] = `
<div>
  <div
    class="breadcrumsWrapper"
    data-testid="bredcrumbWrapper"
  >
    <ul
      class="breadcrumb"
    >
      <li>
        <a
          href="?pageid=introduction"
        >
          Developer Guides
        </a>
      </li>
      <li>
        <a
          href="?pageid=embed-analytics"
        >
          ThoughtSpot Everywhere
        </a>
      </li>
      <li>
        ThoughtSpot Developer portal
      </li>
    </ul>
  </div>
</div>
`;
